// Jest Snapshot v1, https://goo.gl/fbAQLP

exports[`parent component snapshot matches the snapshot 1`] = `
<div
  className="container"
>
  <div
    className="container"
  >
    <input
      onClick={[Function]}
      type="button"
    >
      Iâ€™m your father
    </input>
  </div>
</div>
`;
